<html>
<body>
<pre>
<h1>µVision Build Log</h1>
<h2>Project:</h2>
F:\000_STM32F4\STM32F4-Discovery_FW_V1.1.0\Project\Peripheral_Examples\GPIO_ITTB15G3_Example2\MDK-ARM\IO_Toggle.uvproj
Project File Date:  10/28/2011

<h2>Output:</h2>
Build target 'IO_Toggle'
compiling system_stm32f4xx.c...
compiling main.c...
compiling stm32f4xx_it.c...
compiling stm32f4_discovery.c...
compiling stm32f4xx_rcc.c...
compiling misc.c...
compiling stm32f4xx_gpio.c...
compiling stm32f4xx_exti.c...
compiling stm32f4xx_syscfg.c...
assembling startup_stm32f4xx.s...
linking...
Program Size: Code=828 RO-data=424 RW-data=8 ZI-data=1024  
".\IO_Toggle\IO_Toggle.axf" - 0 Error(s), 0 Warning(s).
Build target 'IO_Toggle'
compiling main.c...
..\main.c(122): warning:  #188-D: enumerated type mixed with another type
..\main.c(122): error:  #18: expected a ")"
Target not created
Build target 'IO_Toggle'
compiling main.c...
..\main.c(122): warning:  #188-D: enumerated type mixed with another type
linking...
Program Size: Code=856 RO-data=424 RW-data=8 ZI-data=1024  
".\IO_Toggle\IO_Toggle.axf" - 0 Error(s), 1 Warning(s).
Rebuild target 'IO_Toggle'
compiling system_stm32f4xx.c...
compiling main.c...
..\main.c(122): warning:  #188-D: enumerated type mixed with another type
compiling stm32f4xx_it.c...
compiling stm32f4_discovery.c...
compiling stm32f4xx_rcc.c...
compiling misc.c...
compiling stm32f4xx_gpio.c...
compiling stm32f4xx_exti.c...
compiling stm32f4xx_syscfg.c...
assembling startup_stm32f4xx.s...
linking...
Program Size: Code=928 RO-data=424 RW-data=8 ZI-data=1024  
".\IO_Toggle\IO_Toggle.axf" - 0 Error(s), 1 Warning(s).
Rebuild target 'IO_Toggle'
compiling system_stm32f4xx.c...
compiling main.c...
..\main.c(122): warning:  #188-D: enumerated type mixed with another type
..\main.c(123): warning:  #188-D: enumerated type mixed with another type
compiling stm32f4xx_it.c...
compiling stm32f4_discovery.c...
compiling stm32f4xx_rcc.c...
compiling misc.c...
compiling stm32f4xx_gpio.c...
compiling stm32f4xx_exti.c...
compiling stm32f4xx_syscfg.c...
assembling startup_stm32f4xx.s...
linking...
Program Size: Code=956 RO-data=424 RW-data=8 ZI-data=1024  
".\IO_Toggle\IO_Toggle.axf" - 0 Error(s), 2 Warning(s).
Build target 'IO_Toggle'
compiling main.c...
..\main.c(122): warning:  #188-D: enumerated type mixed with another type
..\main.c(123): warning:  #188-D: enumerated type mixed with another type
..\main.c(124): warning:  #188-D: enumerated type mixed with another type
..\main.c(125): warning:  #188-D: enumerated type mixed with another type
..\main.c(125): error:  #18: expected a ")"
Target not created
Build target 'IO_Toggle'
compiling main.c...
..\main.c(122): warning:  #188-D: enumerated type mixed with another type
..\main.c(123): warning:  #188-D: enumerated type mixed with another type
..\main.c(124): warning:  #188-D: enumerated type mixed with another type
..\main.c(125): warning:  #188-D: enumerated type mixed with another type
linking...
Program Size: Code=1012 RO-data=424 RW-data=8 ZI-data=1024  
".\IO_Toggle\IO_Toggle.axf" - 0 Error(s), 4 Warning(s).
Build target 'IO_Toggle'
compiling main.c...
..\main.c(123): warning:  #188-D: enumerated type mixed with another type
..\main.c(125): warning:  #188-D: enumerated type mixed with another type
..\main.c(127): warning:  #188-D: enumerated type mixed with another type
..\main.c(129): warning:  #188-D: enumerated type mixed with another type
linking...
Program Size: Code=1012 RO-data=424 RW-data=8 ZI-data=1024  
".\IO_Toggle\IO_Toggle.axf" - 0 Error(s), 4 Warning(s).
Build target 'IO_Toggle'
compiling main.c...
..\main.c(123): warning:  #188-D: enumerated type mixed with another type
..\main.c(125): warning:  #188-D: enumerated type mixed with another type
..\main.c(127): warning:  #188-D: enumerated type mixed with another type
..\main.c(129): warning:  #188-D: enumerated type mixed with another type
linking...
Program Size: Code=1016 RO-data=424 RW-data=8 ZI-data=1024  
".\IO_Toggle\IO_Toggle.axf" - 0 Error(s), 4 Warning(s).
Build target 'IO_Toggle'
compiling main.c...
..\main.c(123): warning:  #188-D: enumerated type mixed with another type
..\main.c(125): warning:  #188-D: enumerated type mixed with another type
..\main.c(127): warning:  #188-D: enumerated type mixed with another type
..\main.c(129): warning:  #188-D: enumerated type mixed with another type
linking...
Program Size: Code=1012 RO-data=424 RW-data=8 ZI-data=1024  
".\IO_Toggle\IO_Toggle.axf" - 0 Error(s), 4 Warning(s).
Rebuild target 'IO_Toggle'
compiling system_stm32f4xx.c...
compiling main.c...
..\main.c(150): warning:  #188-D: enumerated type mixed with another type
..\main.c(152): warning:  #188-D: enumerated type mixed with another type
..\main.c(154): warning:  #188-D: enumerated type mixed with another type
..\main.c(156): warning:  #188-D: enumerated type mixed with another type
compiling stm32f4xx_it.c...
compiling stm32f4_discovery.c...
compiling stm32f4xx_rcc.c...
compiling misc.c...
compiling stm32f4xx_gpio.c...
compiling stm32f4xx_exti.c...
compiling stm32f4xx_syscfg.c...
assembling startup_stm32f4xx.s...
linking...
.\IO_Toggle\IO_Toggle.axf: Error: L6200E: Symbol NVIC_InitStructure multiply defined (by stm32f4_discovery.o and main.o).
Target not created
Rebuild target 'IO_Toggle'
compiling system_stm32f4xx.c...
compiling main.c...
..\main.c(152): warning:  #188-D: enumerated type mixed with another type
..\main.c(156): warning:  #188-D: enumerated type mixed with another type
..\main.c(158): warning:  #188-D: enumerated type mixed with another type
..\main.c(169): warning:  #188-D: enumerated type mixed with another type
compiling stm32f4xx_it.c...
compiling stm32f4_discovery.c...
compiling stm32f4xx_rcc.c...
compiling misc.c...
compiling stm32f4xx_gpio.c...
compiling stm32f4xx_exti.c...
compiling stm32f4xx_syscfg.c...
assembling startup_stm32f4xx.s...
linking...
.\IO_Toggle\IO_Toggle.axf: Error: L6200E: Symbol NVIC_InitStructure multiply defined (by stm32f4_discovery.o and main.o).
Target not created
Build target 'IO_Toggle'
compiling main.c...
..\main.c(152): warning:  #188-D: enumerated type mixed with another type
..\main.c(156): warning:  #188-D: enumerated type mixed with another type
..\main.c(158): warning:  #188-D: enumerated type mixed with another type
..\main.c(169): warning:  #188-D: enumerated type mixed with another type
linking...
Program Size: Code=1524 RO-data=424 RW-data=16 ZI-data=1024  
".\IO_Toggle\IO_Toggle.axf" - 0 Error(s), 4 Warning(s).
